<html>
<body>
<pre>
<h1>µVision Build Log</h1>
<h2>Tool Versions:</h2>
IDE-Version: ¦ÌVision V5.36.0.0
Copyright (C) 2021 ARM Ltd and ARM Germany GmbH. All rights reserved.
License Information: 1 Administrator, 1, LIC=76F5U-SDA2W-MMV9I-TSKAW-8PH19-75ZG3
 
Tool Versions:
Toolchain:       MDK-ARM Plus  Version: 5.36.0.0
Toolchain Path:  D:\keil5\ARM\ARMCC\Bin
C Compiler:      Armcc.exe V5.06 update 7 (build 960)
Assembler:       Armasm.exe V5.06 update 7 (build 960)
Linker/Locator:  ArmLink.exe V5.06 update 7 (build 960)
Library Manager: ArmAr.exe V5.06 update 7 (build 960)
Hex Converter:   FromElf.exe V5.06 update 7 (build 960)
CPU DLL:         SARMCM3.DLL V5.36.0.0
Dialog DLL:      DCM.DLL V1.17.3.0
Target DLL:      CMSIS_AGDI.dll V1.33.0.0
Dialog DLL:      TCM.DLL V1.53.0.0
 
<h2>Project:</h2>
E:\Gowin\GD32+Gowin2\Study_Demo\GD32F303-xiugai\GD32F303CBT6_SDCardTest\USER\DEMO.uvprojx
Project File Date:  09/18/2024

<h2>Output:</h2>
*** Using Compiler 'V5.06 update 7 (build 960)', folder: 'D:\keil5\ARM\ARMCC\Bin'
Rebuild target 'DEMO'
compiling systick.c...
compiling gd32f30x_it.c...
compiling system_gd32f30x.c...
compiling gd32f30x_bkp.c...
compiling main.c...
compiling gd32f30x_adc.c...
compiling gd32f30x_can.c...
compiling gd32f30x_dbg.c...
compiling gd32f30x_dac.c...
compiling gd32f30x_ctc.c...
compiling gd32f30x_fwdgt.c...
compiling gd32f30x_gpio.c...
compiling gd32f30x_i2c.c...
compiling gd32f30x_fmc.c...
compiling gd32f30x_dma.c...
compiling gd32f30x_misc.c...
compiling gd32f30x_pmu.c...
compiling gd32f30x_rtc.c...
compiling gd32f30x_rcu.c...
compiling gd32f30x_crc.c...
compiling gd32f30x_enet.c...
compiling gd32f30x_sdio.c...
compiling gd32f30x_exti.c...
assembling startup_gd32f30x_cl.s...
compiling gd32f30x_exmc.c...
compiling gd32f30x_spi.c...
compiling gd32f30x_usart.c...
compiling gd32f30x_timer.c...
compiling gd32f30x_wwdgt.c...
compiling led.c...
compiling key.c...
compiling usart.c...
compiling lcd_init.c...
compiling lcd.c...
compiling sdcard.c...
linking...
Program Size: Code=7714 RO-data=6990 RW-data=20 ZI-data=2236  
FromELF: creating hex file...
"..\OBJ\DEMO.axf" - 0 Error(s), 0 Warning(s).

<h2>Software Packages used:</h2>

Package Vendor: GigaDevice
                https://gd32mcu.com/data/documents/pack/GigaDevice.GD32F30x_DFP.2.2.3.pack
                GigaDevice.GD32F30x_DFP.2.2.3
                GigaDevice GD32F30x Series Device Support and Examples

<h2>Collection of Component include folders:</h2>
  D:\keil5\GigaDevice\GD32F30x_DFP\2.2.3\Device\Include

<h2>Collection of Component Files used:</h2>
Build Time Elapsed:  00:00:03
</pre>
</body>
</html>
